Archive member included to satisfy reference by file (symbol)

/Applications/STM32CubeIDE.app/Contents/Eclipse/plugins/com.st.stm32cube.ide.mcu.externaltools.gnu-tools-for-stm32.12.3.rel1.macos64_1.1.0.202410301201/tools/bin/../lib/gcc/arm-none-eabi/12.3.1/../../../../arm-none-eabi/lib/thumb/v7e-m+fp/hard/libc_nano.a(libc_a-exit.o)
                              /Applications/STM32CubeIDE.app/Contents/Eclipse/plugins/com.st.stm32cube.ide.mcu.externaltools.gnu-tools-for-stm32.12.3.rel1.macos64_1.1.0.202410301201/tools/bin/../lib/gcc/arm-none-eabi/12.3.1/../../../../arm-none-eabi/lib/thumb/v7e-m+fp/hard/crt0.o (exit)
/Applications/STM32CubeIDE.app/Contents/Eclipse/plugins/com.st.stm32cube.ide.mcu.externaltools.gnu-tools-for-stm32.12.3.rel1.macos64_1.1.0.202410301201/tools/bin/../lib/gcc/arm-none-eabi/12.3.1/../../../../arm-none-eabi/lib/thumb/v7e-m+fp/hard/libc_nano.a(libc_a-findfp.o)
                              /Applications/STM32CubeIDE.app/Contents/Eclipse/plugins/com.st.stm32cube.ide.mcu.externaltools.gnu-tools-for-stm32.12.3.rel1.macos64_1.1.0.202410301201/tools/bin/../lib/gcc/arm-none-eabi/12.3.1/../../../../arm-none-eabi/lib/thumb/v7e-m+fp/hard/libc_nano.a(libc_a-exit.o) (__stdio_exit_handler)
/Applications/STM32CubeIDE.app/Contents/Eclipse/plugins/com.st.stm32cube.ide.mcu.externaltools.gnu-tools-for-stm32.12.3.rel1.macos64_1.1.0.202410301201/tools/bin/../lib/gcc/arm-none-eabi/12.3.1/../../../../arm-none-eabi/lib/thumb/v7e-m+fp/hard/libc_nano.a(libc_a-fwalk.o)
                              /Applications/STM32CubeIDE.app/Contents/Eclipse/plugins/com.st.stm32cube.ide.mcu.externaltools.gnu-tools-for-stm32.12.3.rel1.macos64_1.1.0.202410301201/tools/bin/../lib/gcc/arm-none-eabi/12.3.1/../../../../arm-none-eabi/lib/thumb/v7e-m+fp/hard/libc_nano.a(libc_a-findfp.o) (_fwalk_sglue)
/Applications/STM32CubeIDE.app/Contents/Eclipse/plugins/com.st.stm32cube.ide.mcu.externaltools.gnu-tools-for-stm32.12.3.rel1.macos64_1.1.0.202410301201/tools/bin/../lib/gcc/arm-none-eabi/12.3.1/../../../../arm-none-eabi/lib/thumb/v7e-m+fp/hard/libc_nano.a(libc_a-memset.o)
                              /Applications/STM32CubeIDE.app/Contents/Eclipse/plugins/com.st.stm32cube.ide.mcu.externaltools.gnu-tools-for-stm32.12.3.rel1.macos64_1.1.0.202410301201/tools/bin/../lib/gcc/arm-none-eabi/12.3.1/../../../../arm-none-eabi/lib/thumb/v7e-m+fp/hard/crt0.o (memset)
/Applications/STM32CubeIDE.app/Contents/Eclipse/plugins/com.st.stm32cube.ide.mcu.externaltools.gnu-tools-for-stm32.12.3.rel1.macos64_1.1.0.202410301201/tools/bin/../lib/gcc/arm-none-eabi/12.3.1/../../../../arm-none-eabi/lib/thumb/v7e-m+fp/hard/libc_nano.a(libc_a-impure.o)
                              /Applications/STM32CubeIDE.app/Contents/Eclipse/plugins/com.st.stm32cube.ide.mcu.externaltools.gnu-tools-for-stm32.12.3.rel1.macos64_1.1.0.202410301201/tools/bin/../lib/gcc/arm-none-eabi/12.3.1/../../../../arm-none-eabi/lib/thumb/v7e-m+fp/hard/libc_nano.a(libc_a-findfp.o) (_impure_data)
/Applications/STM32CubeIDE.app/Contents/Eclipse/plugins/com.st.stm32cube.ide.mcu.externaltools.gnu-tools-for-stm32.12.3.rel1.macos64_1.1.0.202410301201/tools/bin/../lib/gcc/arm-none-eabi/12.3.1/../../../../arm-none-eabi/lib/thumb/v7e-m+fp/hard/libc_nano.a(libc_a-errno.o)
                              ./Src/syscalls.o (__errno)
/Applications/STM32CubeIDE.app/Contents/Eclipse/plugins/com.st.stm32cube.ide.mcu.externaltools.gnu-tools-for-stm32.12.3.rel1.macos64_1.1.0.202410301201/tools/bin/../lib/gcc/arm-none-eabi/12.3.1/../../../../arm-none-eabi/lib/thumb/v7e-m+fp/hard/libc_nano.a(libc_a-init.o)
                              /Applications/STM32CubeIDE.app/Contents/Eclipse/plugins/com.st.stm32cube.ide.mcu.externaltools.gnu-tools-for-stm32.12.3.rel1.macos64_1.1.0.202410301201/tools/bin/../lib/gcc/arm-none-eabi/12.3.1/../../../../arm-none-eabi/lib/thumb/v7e-m+fp/hard/crt0.o (__libc_init_array)
/Applications/STM32CubeIDE.app/Contents/Eclipse/plugins/com.st.stm32cube.ide.mcu.externaltools.gnu-tools-for-stm32.12.3.rel1.macos64_1.1.0.202410301201/tools/bin/../lib/gcc/arm-none-eabi/12.3.1/../../../../arm-none-eabi/lib/thumb/v7e-m+fp/hard/libc_nano.a(libc_a-lock.o)
                              /Applications/STM32CubeIDE.app/Contents/Eclipse/plugins/com.st.stm32cube.ide.mcu.externaltools.gnu-tools-for-stm32.12.3.rel1.macos64_1.1.0.202410301201/tools/bin/../lib/gcc/arm-none-eabi/12.3.1/../../../../arm-none-eabi/lib/thumb/v7e-m+fp/hard/libc_nano.a(libc_a-findfp.o) (__retarget_lock_init_recursive)
/Applications/STM32CubeIDE.app/Contents/Eclipse/plugins/com.st.stm32cube.ide.mcu.externaltools.gnu-tools-for-stm32.12.3.rel1.macos64_1.1.0.202410301201/tools/bin/../lib/gcc/arm-none-eabi/12.3.1/../../../../arm-none-eabi/lib/thumb/v7e-m+fp/hard/libc_nano.a(libc_a-strlen.o)
                              ./Src/SPI_Driver_Testing.o (strlen)
[...]
Memory Configuration

Name             Origin             Length             Attributes
CCMRAM           0x10000000         0x00010000         xrw
RAM              0x20000000         0x00020000         xrw
FLASH            0x08000000         0x00100000         xr
*default*        0x00000000         0xffffffff

Linker script and memory map

LOAD /Applications/STM32CubeIDE.app/Contents/Eclipse/plugins/com.st.stm32cube.ide.mcu.externaltools.gnu-tools-for-stm32.12.3.rel1.macos64_1.1.0.202410301201/tools/bin/../lib/gcc/arm-none-eabi/12.3.1/thumb/v7e-m+fp/hard/crti.o
LOAD /Applications/STM32CubeIDE.app/Contents/Eclipse/plugins/com.st.stm32cube.ide.mcu.externaltools.gnu-tools-for-stm32.12.3.rel1.macos64_1.1.0.202410301201/tools/bin/../lib/gcc/arm-none-eabi/12.3.1/thumb/v7e-m+fp/hard/crtbegin.o
LOAD /Applications/STM32CubeIDE.app/Contents/Eclipse/plugins/com.st.stm32cube.ide.mcu.externaltools.gnu-tools-for-stm32.12.3.rel1.macos64_1.1.0.202410301201/tools/bin/../lib/gcc/arm-none-eabi/12.3.1/../../../../arm-none-eabi/lib/thumb/v7e-m+fp/hard/crt0.o
LOAD ./Src/SPI_Driver_Testing.o
LOAD ./Src/syscalls.o
LOAD ./Src/sysmem.o
LOAD ./Startup/startup_stm32f407vgtx.o
LOAD ./drivers/Src/stm32f407xx_gpio_driver.o
LOAD ./drivers/Src/stm32f407xx_spi_driver.o
START GROUP
LOAD /Applications/STM32CubeIDE.app/Contents/Eclipse/plugins/com.st.stm32cube.ide.mcu.externaltools.gnu-tools-for-stm32.12.3.rel1.macos64_1.1.0.202410301201/tools/bin/../lib/gcc/arm-none-eabi/12.3.1/../../../../arm-none-eabi/lib/thumb/v7e-m+fp/hard/libc_nano.a
LOAD /Applications/STM32CubeIDE.app/Contents/Eclipse/plugins/com.st.stm32cube.ide.mcu.externaltools.gnu-tools-for-stm32.12.3.rel1.macos64_1.1.0.202410301201/tools/bin/../lib/gcc/arm-none-eabi/12.3.1/../../../../arm-none-eabi/lib/thumb/v7e-m+fp/hard/libm.a
END GROUP
START GROUP
LOAD /Applications/STM32CubeIDE.app/Contents/Eclipse/plugins/com.st.stm32cube.ide.mcu.externaltools.gnu-tools-for-stm32.12.3.rel1.macos64_1.1.0.202410301201/tools/bin/../lib/gcc/arm-none-eabi/12.3.1/thumb/v7e-m+fp/hard/libgcc.a
LOAD /Applications/STM32CubeIDE.app/Contents/Eclipse/plugins/com.st.stm32cube.ide.mcu.externaltools.gnu-tools-for-stm32.12.3.rel1.macos64_1.1.0.202410301201/tools/bin/../lib/gcc/arm-none-eabi/12.3.1/../../../../arm-none-eabi/lib/thumb/v7e-m+fp/hard/libc_nano.a
END GROUP
START GROUP
LOAD /Applications/STM32CubeIDE.app/Contents/Eclipse/plugins/com.st.stm32cube.ide.mcu.externaltools.gnu-tools-for-stm32.12.3.rel1.macos64_1.1.0.202410301201/tools/bin/../lib/gcc/arm-none-eabi/12.3.1/thumb/v7e-m+fp/hard/libgcc.a
LOAD /Applications/STM32CubeIDE.app/Contents/Eclipse/plugins/com.st.stm32cube.ide.mcu.externaltools.gnu-tools-for-stm32.12.3.rel1.macos64_1.1.0.202410301201/tools/bin/../lib/gcc/arm-none-eabi/12.3.1/../../../../arm-none-eabi/lib/thumb/v7e-m+fp/hard/libc_nano.a
LOAD /Applications/STM32CubeIDE.app/Contents/Eclipse/plugins/com.st.stm32cube.ide.mcu.externaltools.gnu-tools-for-stm32.12.3.rel1.macos64_1.1.0.202410301201/tools/bin/../lib/gcc/arm-none-eabi/12.3.1/../../../../arm-none-eabi/lib/thumb/v7e-m+fp/hard/libnosys.a
END GROUP
START GROUP
LOAD /Applications/STM32CubeIDE.app/Contents/Eclipse/plugins/com.st.stm32cube.ide.mcu.externaltools.gnu-tools-for-stm32.12.3.rel1.macos64_1.1.0.202410301201/tools/bin/../lib/gcc/arm-none-eabi/12.3.1/thumb/v7e-m+fp/hard/libgcc.a
LOAD /Applications/STM32CubeIDE.app/Contents/Eclipse/plugins/com.st.stm32cube.ide.mcu.externaltools.gnu-tools-for-stm32.12.3.rel1.macos64_1.1.0.202410301201/tools/bin/../lib/gcc/arm-none-eabi/12.3.1/../../../../arm-none-eabi/lib/thumb/v7e-m+fp/hard/libc_nano.a
LOAD /Applications/STM32CubeIDE.app/Contents/Eclipse/plugins/com.st.stm32cube.ide.mcu.externaltools.gnu-tools-for-stm32.12.3.rel1.macos64_1.1.0.202410301201/tools/bin/../lib/gcc/arm-none-eabi/12.3.1/../../../../arm-none-eabi/lib/thumb/v7e-m+fp/hard/libnosys.a
END GROUP
LOAD /Applications/STM32CubeIDE.app/Contents/Eclipse/plugins/com.st.stm32cube.ide.mcu.externaltools.gnu-tools-for-stm32.12.3.rel1.macos64_1.1.0.202410301201/tools/bin/../lib/gcc/arm-none-eabi/12.3.1/thumb/v7e-m+fp/hard/crtend.o
LOAD /Applications/STM32CubeIDE.app/Contents/Eclipse/plugins/com.st.stm32cube.ide.mcu.externaltools.gnu-tools-for-stm32.12.3.rel1.macos64_1.1.0.202410301201/tools/bin/../lib/gcc/arm-none-eabi/12.3.1/thumb/v7e-m+fp/hard/crtn.o
                0x20020000                        _estack = (ORIGIN (RAM) + LENGTH (RAM))
                0x00000200                        _Min_Heap_Size = 0x200
                0x00000400                        _Min_Stack_Size = 0x400

.isr_vector     0x08000000      0x188
                0x08000000                        . = ALIGN (0x4)
 *(.isr_vector)
 .isr_vector    0x08000000      0x188 ./Startup/startup_stm32f407vgtx.o
                0x08000000                g_pfnVectors
                0x08000188                        . = ALIGN (0x4)

.text           0x08000188      0x984
                0x08000188                        . = ALIGN (0x4)
 *(.text)
 .text          0x08000188       0x40 /Applications/STM32CubeIDE.app/Contents/Eclipse/plugins/com.st.stm32cube.ide.mcu.externaltools.gnu-tools-for-stm32.12.3.rel1.macos64_1.1.0.202410301201/tools/bin/../lib/gcc/arm-none-eabi/12.3.1/thumb/v7e-m+fp/hard/crtbegin.o
 .text          0x080001c8       0x10 /Applications/STM32CubeIDE.app/Contents/Eclipse/plugins/com.st.stm32cube.ide.mcu.externaltools.gnu-tools-for-stm32.12.3.rel1.macos64_1.1.0.202410301201/tools/bin/../lib/gcc/arm-none-eabi/12.3.1/../../../../arm-none-eabi/lib/thumb/v7e-m+fp/hard/libc_nano.a(libc_a-strlen.o)
                0x080001c8                strlen
 *(.text*)
 .text.SPI2_GPIOInits
                0x080001d8       0x5c ./Src/SPI_Driver_Testing.o
                0x080001d8                SPI2_GPIOInits
 .text.SPI2_Inits
                0x08000234       0x3c ./Src/SPI_Driver_Testing.o
                0x08000234                SPI2_Inits
 .text.main     0x08000270       0x80 ./Src/SPI_Driver_Testing.o
                0x08000270                main
 .text.Reset_Handler
                0x080002f0       0x50 ./Startup/startup_stm32f407vgtx.o
                0x080002f0                Reset_Handler
 .text.Default_Handler
                0x08000340        0x2 ./Startup/startup_stm32f407vgtx.o
                0x08000340                DMA1_Stream3_IRQHandler
                0x08000340                HASH_RNG_IRQHandler
                0x08000340                EXTI2_IRQHandler
                0x08000340                TIM8_CC_IRQHandler
                0x08000340                DebugMon_Handler
                0x08000340                TIM1_CC_IRQHandler
                0x08000340                DMA2_Stream5_IRQHandler
                0x08000340                HardFault_Handler
                0x08000340                DMA1_Stream5_IRQHandler
                0x08000340                SysTick_Handler
                0x08000340                PVD_IRQHandler
                0x08000340                SDIO_IRQHandler
                0x08000340                TAMP_STAMP_IRQHandler
                0x08000340                PendSV_Handler
                0x08000340                NMI_Handler
                0x08000340                CAN2_RX1_IRQHandler
                0x08000340                EXTI3_IRQHandler
                0x08000340                TIM8_TRG_COM_TIM14_IRQHandler
                0x08000340                TIM1_UP_TIM10_IRQHandler
                0x08000340                TIM8_UP_TIM13_IRQHandler
                0x08000340                I2C3_ER_IRQHandler
                0x08000340                EXTI0_IRQHandler
                0x08000340                I2C2_EV_IRQHandler
                0x08000340                DMA1_Stream2_IRQHandler
                0x08000340                CAN1_RX0_IRQHandler
                0x08000340                FPU_IRQHandler
                0x08000340                OTG_HS_WKUP_IRQHandler
                0x08000340                UsageFault_Handler
                0x08000340                CAN2_SCE_IRQHandler
                0x08000340                DMA2_Stream2_IRQHandler
                0x08000340                SPI1_IRQHandler
                0x08000340                TIM6_DAC_IRQHandler
                0x08000340                TIM1_BRK_TIM9_IRQHandler
                0x08000340                DCMI_IRQHandler
                0x08000340                CAN2_RX0_IRQHandler
                0x08000340                DMA2_Stream3_IRQHandler
                0x08000340                USART6_IRQHandler
                0x08000340                USART3_IRQHandler
                0x08000340                CRYP_IRQHandler
                0x08000340                CAN1_RX1_IRQHandler
                0x08000340                UART5_IRQHandler
                0x08000340                DMA2_Stream0_IRQHandler
                0x08000340                TIM4_IRQHandler
                0x08000340                I2C1_EV_IRQHandler
                0x08000340                DMA1_Stream6_IRQHandler
                0x08000340                DMA1_Stream1_IRQHandler
                0x08000340                UART4_IRQHandler
                0x08000340                TIM3_IRQHandler
                0x08000340                RCC_IRQHandler
                0x08000340                TIM8_BRK_TIM12_IRQHandler
                0x08000340                Default_Handler
                0x08000340                EXTI15_10_IRQHandler
                0x08000340                ADC_IRQHandler
                0x08000340                DMA1_Stream7_IRQHandler
                0x08000340                TIM7_IRQHandler
                0x08000340                CAN2_TX_IRQHandler
                0x08000340                TIM5_IRQHandler
                0x08000340                DMA2_Stream7_IRQHandler
                0x08000340                I2C3_EV_IRQHandler
                0x08000340                EXTI9_5_IRQHandler
                0x08000340                RTC_WKUP_IRQHandler
                0x08000340                ETH_WKUP_IRQHandler
                0x08000340                SPI2_IRQHandler
                0x08000340                OTG_HS_EP1_IN_IRQHandler
                0x08000340                MemManage_Handler
                0x08000340                DMA1_Stream0_IRQHandler
                0x08000340                CAN1_TX_IRQHandler
                0x08000340                SVC_Handler
                0x08000340                EXTI4_IRQHandler
                0x08000340                FSMC_IRQHandler
                0x08000340                ETH_IRQHandler
                0x08000340                OTG_HS_EP1_OUT_IRQHandler
                0x08000340                WWDG_IRQHandler
                0x08000340                TIM2_IRQHandler
                0x08000340                OTG_FS_WKUP_IRQHandler
                0x08000340                TIM1_TRG_COM_TIM11_IRQHandler
                0x08000340                OTG_HS_IRQHandler
                0x08000340                EXTI1_IRQHandler
                0x08000340                USART2_IRQHandler
                0x08000340                I2C2_ER_IRQHandler
                0x08000340                DMA2_Stream1_IRQHandler
                0x08000340                CAN1_SCE_IRQHandler
                0x08000340                DMA2_Stream4_IRQHandler
                0x08000340                BusFault_Handler
                0x08000340                USART1_IRQHandler
                0x08000340                OTG_FS_IRQHandler
                0x08000340                SPI3_IRQHandler
                0x08000340                DMA1_Stream4_IRQHandler
                0x08000340                I2C1_ER_IRQHandler
                0x08000340                DMA2_Stream6_IRQHandler
                0x08000340                RTC_Alarm_IRQHandler
 *fill*         0x08000342        0x2 
 .text.GPIO_PeriClockControl
                0x08000344      0x1d0 ./drivers/Src/stm32f407xx_gpio_driver.o
                0x08000344                GPIO_PeriClockControl
 .text.GPIO_Init
                0x08000514      0x334 ./drivers/Src/stm32f407xx_gpio_driver.o
                0x08000514                GPIO_Init
 .text.SPI_PeriClockControl
                0x08000848       0xb0 ./drivers/Src/stm32f407xx_spi_driver.o
                0x08000848                SPI_PeriClockControl
 .text.SPI_Init
                0x080008f8       0xb2 ./drivers/Src/stm32f407xx_spi_driver.o
                0x080008f8                SPI_Init
 .text.SPI_SendData
                0x080009aa       0x68 ./drivers/Src/stm32f407xx_spi_driver.o
                0x080009aa                SPI_SendData
 .text.SPI_GetFlagStatus
                0x08000a12       0x28 ./drivers/Src/stm32f407xx_spi_driver.o
                0x08000a12                SPI_GetFlagStatus
 .text.SPI_Peripheral_Control
                0x08000a3a       0x38 ./drivers/Src/stm32f407xx_spi_driver.o
                0x08000a3a                SPI_Peripheral_Control
 .text.SPI_SSOEConfig
                0x08000a72       0x38 ./drivers/Src/stm32f407xx_spi_driver.o
                0x08000a72                SPI_SSOEConfig
 *fill*         0x08000aaa        0x2 
 .text.__libc_init_array
                0x08000aac       0x48 /Applications/STM32CubeIDE.app/Contents/Eclipse/plugins/com.st.stm32cube.ide.mcu.externaltools.gnu-tools-for-stm32.12.3.rel1.macos64_1.1.0.202410301201/tools/bin/../lib/gcc/arm-none-eabi/12.3.1/../../../../arm-none-eabi/lib/thumb/v7e-m+fp/hard/libc_nano.a(libc_a-init.o)
                0x08000aac                __libc_init_array
 *(.glue_7)
 .glue_7        0x08000af4        0x0 linker stubs
 *(.glue_7t)
 .glue_7t       0x08000af4        0x0 linker stubs
 *(.eh_frame)
 .eh_frame      0x08000af4        0x0 /Applications/STM32CubeIDE.app/Contents/Eclipse/plugins/com.st.stm32cube.ide.mcu.externaltools.gnu-tools-for-stm32.12.3.rel1.macos64_1.1.0.202410301201/tools/bin/../lib/gcc/arm-none-eabi/12.3.1/thumb/v7e-m+fp/hard/crtbegin.o
 *(.init)
 .init          0x08000af4        0x4 /Applications/STM32CubeIDE.app/Contents/Eclipse/plugins/com.st.stm32cube.ide.mcu.externaltools.gnu-tools-for-stm32.12.3.rel1.macos64_1.1.0.202410301201/tools/bin/../lib/gcc/arm-none-eabi/12.3.1/thumb/v7e-m+fp/hard/crti.o
                0x08000af4                _init
 .init          0x08000af8        0x8 /Applications/STM32CubeIDE.app/Contents/Eclipse/plugins/com.st.stm32cube.ide.mcu.externaltools.gnu-tools-for-stm32.12.3.rel1.macos64_1.1.0.202410301201/tools/bin/../lib/gcc/arm-none-eabi/12.3.1/thumb/v7e-m+fp/hard/crtn.o
 *(.fini)
 .fini          0x08000b00        0x4 /Applications/STM32CubeIDE.app/Contents/Eclipse/plugins/com.st.stm32cube.ide.mcu.externaltools.gnu-tools-for-stm32.12.3.rel1.macos64_1.1.0.202410301201/tools/bin/../lib/gcc/arm-none-eabi/12.3.1/thumb/v7e-m+fp/hard/crti.o
                0x08000b00                _fini
 .fini          0x08000b04        0x8 /Applications/STM32CubeIDE.app/Contents/Eclipse/plugins/com.st.stm32cube.ide.mcu.externaltools.gnu-tools-for-stm32.12.3.rel1.macos64_1.1.0.202410301201/tools/bin/../lib/gcc/arm-none-eabi/12.3.1/thumb/v7e-m+fp/hard/crtn.o
                0x08000b0c                        . = ALIGN (0x4)
                0x08000b0c                        _etext = .

.vfp11_veneer   0x08000b0c        0x0
 .vfp11_veneer  0x08000b0c        0x0 linker stubs

.v4_bx          0x08000b0c        0x0
 .v4_bx         0x08000b0c        0x0 linker stubs

.iplt           0x08000b0c        0x0
 .iplt          0x08000b0c        0x0 /Applications/STM32CubeIDE.app/Contents/Eclipse/plugins/com.st.stm32cube.ide.mcu.externaltools.gnu-tools-for-stm32.12.3.rel1.macos64_1.1.0.202410301201/tools/bin/../lib/gcc/arm-none-eabi/12.3.1/thumb/v7e-m+fp/hard/crtbegin.o

.rodata         0x08000b0c       0x10
                0x08000b0c                        . = ALIGN (0x4)
 *(.rodata)
 .rodata        0x08000b0c        0xd ./Src/SPI_Driver_Testing.o
 *(.rodata*)
                0x08000b1c                        . = ALIGN (0x4)
 *fill*         0x08000b19        0x3 

.ARM.extab      0x08000b1c        0x0
                0x08000b1c                        . = ALIGN (0x4)
 *(.ARM.extab* .gnu.linkonce.armextab.*)
                0x08000b1c                        . = ALIGN (0x4)

.ARM            0x08000b1c        0x8
                0x08000b1c                        . = ALIGN (0x4)
                0x08000b1c                        __exidx_start = .
 *(.ARM.exidx*)
 .ARM.exidx     0x08000b1c        0x8 /Applications/STM32CubeIDE.app/Contents/Eclipse/plugins/com.st.stm32cube.ide.mcu.externaltools.gnu-tools-for-stm32.12.3.rel1.macos64_1.1.0.202410301201/tools/bin/../lib/gcc/arm-none-eabi/12.3.1/../../../../arm-none-eabi/lib/thumb/v7e-m+fp/hard/libc_nano.a(libc_a-strlen.o)
                0x08000b24                        __exidx_end = .
                0x08000b24                        . = ALIGN (0x4)

.preinit_array  0x08000b24        0x0
                0x08000b24                        . = ALIGN (0x4)
                0x08000b24                        PROVIDE (__preinit_array_start = .)
 *(.preinit_array*)
                0x08000b24                        PROVIDE (__preinit_array_end = .)
                0x08000b24                        . = ALIGN (0x4)

.init_array     0x08000b24        0x4
                0x08000b24                        . = ALIGN (0x4)
                0x08000b24                        PROVIDE (__init_array_start = .)
 *(SORT_BY_NAME(.init_array.*))
 *(.init_array*)
 .init_array    0x08000b24        0x4 /Applications/STM32CubeIDE.app/Contents/Eclipse/plugins/com.st.stm32cube.ide.mcu.externaltools.gnu-tools-for-stm32.12.3.rel1.macos64_1.1.0.202410301201/tools/bin/../lib/gcc/arm-none-eabi/12.3.1/thumb/v7e-m+fp/hard/crtbegin.o
                0x08000b28                        PROVIDE (__init_array_end = .)
                0x08000b28                        . = ALIGN (0x4)

.fini_array     0x08000b28        0x4
                0x08000b28                        . = ALIGN (0x4)
                [!provide]                        PROVIDE (__fini_array_start = .)
 *(SORT_BY_NAME(.fini_array.*))
 *(.fini_array*)
 .fini_array    0x08000b28        0x4 /Applications/STM32CubeIDE.app/Contents/Eclipse/plugins/com.st.stm32cube.ide.mcu.externaltools.gnu-tools-for-stm32.12.3.rel1.macos64_1.1.0.202410301201/tools/bin/../lib/gcc/arm-none-eabi/12.3.1/thumb/v7e-m+fp/hard/crtbegin.o
                [!provide]                        PROVIDE (__fini_array_end = .)
                0x08000b2c                        . = ALIGN (0x4)
                0x08000b2c                        _sidata = LOADADDR (.data)

.rel.dyn        0x08000b2c        0x0
 .rel.iplt      0x08000b2c        0x0 /Applications/STM32CubeIDE.app/Contents/Eclipse/plugins/com.st.stm32cube.ide.mcu.externaltools.gnu-tools-for-stm32.12.3.rel1.macos64_1.1.0.202410301201/tools/bin/../lib/gcc/arm-none-eabi/12.3.1/thumb/v7e-m+fp/hard/crtbegin.o

.data           0x20000000        0x0 load address 0x08000b2c
                0x20000000                        . = ALIGN (0x4)
                0x20000000                        _sdata = .
 *(.data)
 *(.data*)
 *(.RamFunc)
 *(.RamFunc*)
                0x20000000                        . = ALIGN (0x4)
                0x20000000                        _edata = .
                0x08000b2c                        _siccmram = LOADADDR (.ccmram)

.igot.plt       0x20000000        0x0 load address 0x08000b2c
 .igot.plt      0x20000000        0x0 /Applications/STM32CubeIDE.app/Contents/Eclipse/plugins/com.st.stm32cube.ide.mcu.externaltools.gnu-tools-for-stm32.12.3.rel1.macos64_1.1.0.202410301201/tools/bin/../lib/gcc/arm-none-eabi/12.3.1/thumb/v7e-m+fp/hard/crtbegin.o

.ccmram         0x10000000        0x0 load address 0x08000b2c
                0x10000000                        . = ALIGN (0x4)
                0x10000000                        _sccmram = .
 *(.ccmram)
 *(.ccmram*)
                0x10000000                        . = ALIGN (0x4)
                0x10000000                        _eccmram = .
                0x10000000                        . = ALIGN (0x4)

.bss            0x20000000       0x1c
                0x20000000                        _sbss = .
                0x20000000                        __bss_start__ = _sbss
 *(.bss)
 .bss           0x20000000       0x1c /Applications/STM32CubeIDE.app/Contents/Eclipse/plugins/com.st.stm32cube.ide.mcu.externaltools.gnu-tools-for-stm32.12.3.rel1.macos64_1.1.0.202410301201/tools/bin/../lib/gcc/arm-none-eabi/12.3.1/thumb/v7e-m+fp/hard/crtbegin.o
 *(.bss*)
 *(COMMON)
                0x2000001c                        . = ALIGN (0x4)
                0x2000001c                        _ebss = .
                0x2000001c                        __bss_end__ = _ebss

._user_heap_stack
                0x2000001c      0x604
                0x20000020                        . = ALIGN (0x8)
 *fill*         0x2000001c        0x4 
                [!provide]                        PROVIDE (end = .)
                0x20000020                        PROVIDE (_end = .)
                0x20000220                        . = (. + _Min_Heap_Size)
 *fill*         0x20000020      0x200 
                0x20000620                        . = (. + _Min_Stack_Size)
 *fill*         0x20000220      0x400 
                0x20000620                        . = ALIGN (0x8)

/DISCARD/
 libc.a(*)
 libm.a(*)
 libgcc.a(*)

.ARM.attributes
                0x00000000       0x30
 *(.ARM.attributes)
 .ARM.attributes
                0x00000000       0x22 /Applications/STM32CubeIDE.app/Contents/Eclipse/plugins/com.st.stm32cube.ide.mcu.externaltools.gnu-tools-for-stm32.12.3.rel1.macos64_1.1.0.202410301201/tools/bin/../lib/gcc/arm-none-eabi/12.3.1/thumb/v7e-m+fp/hard/crti.o
 .ARM.attributes
                0x00000022       0x34 /Applications/STM32CubeIDE.app/Contents/Eclipse/plugins/com.st.stm32cube.ide.mcu.externaltools.gnu-tools-for-stm32.12.3.rel1.macos64_1.1.0.202410301201/tools/bin/../lib/gcc/arm-none-eabi/12.3.1/thumb/v7e-m+fp/hard/crtbegin.o
 .ARM.attributes
                0x00000056       0x34 ./Src/SPI_Driver_Testing.o
 .ARM.attributes
                0x0000008a       0x21 ./Startup/startup_stm32f407vgtx.o
 .ARM.attributes
                0x000000ab       0x34 ./drivers/Src/stm32f407xx_gpio_driver.o
 .ARM.attributes
                0x000000df       0x34 ./drivers/Src/stm32f407xx_spi_driver.o
 .ARM.attributes
                0x00000113       0x34 /Applications/STM32CubeIDE.app/Contents/Eclipse/plugins/com.st.stm32cube.ide.mcu.externaltools.gnu-tools-for-stm32.12.3.rel1.macos64_1.1.0.202410301201/tools/bin/../lib/gcc/arm-none-eabi/12.3.1/../../../../arm-none-eabi/lib/thumb/v7e-m+fp/hard/libc_nano.a(libc_a-init.o)
 .ARM.attributes
                0x00000147       0x17 /Applications/STM32CubeIDE.app/Contents/Eclipse/plugins/com.st.stm32cube.ide.mcu.externaltools.gnu-tools-for-stm32.12.3.rel1.macos64_1.1.0.202410301201/tools/bin/../lib/gcc/arm-none-eabi/12.3.1/../../../../arm-none-eabi/lib/thumb/v7e-m+fp/hard/libc_nano.a(libc_a-strlen.o)
 .ARM.attributes
                0x0000015e       0x22 /Applications/STM32CubeIDE.app/Contents/Eclipse/plugins/com.st.stm32cube.ide.mcu.externaltools.gnu-tools-for-stm32.12.3.rel1.macos64_1.1.0.202410301201/tools/bin/../lib/gcc/arm-none-eabi/12.3.1/thumb/v7e-m+fp/hard/crtn.o
OUTPUT(stm32f4xx_Drivers.elf elf32-littlearm)
LOAD linker stubs
LOAD /Applications/STM32CubeIDE.app/Contents/Eclipse/plugins/com.st.stm32cube.ide.mcu.externaltools.gnu-tools-for-stm32.12.3.rel1.macos64_1.1.0.202410301201/tools/bin/../lib/gcc/arm-none-eabi/12.3.1/../../../../arm-none-eabi/lib/thumb/v7e-m+fp/hard/libc.a
LOAD /Applications/STM32CubeIDE.app/Contents/Eclipse/plugins/com.st.stm32cube.ide.mcu.externaltools.gnu-tools-for-stm32.12.3.rel1.macos64_1.1.0.202410301201/tools/bin/../lib/gcc/arm-none-eabi/12.3.1/../../../../arm-none-eabi/lib/thumb/v7e-m+fp/hard/libm.a
LOAD /Applications/STM32CubeIDE.app/Contents/Eclipse/plugins/com.st.stm32cube.ide.mcu.externaltools.gnu-tools-for-stm32.12.3.rel1.macos64_1.1.0.202410301201/tools/bin/../lib/gcc/arm-none-eabi/12.3.1/thumb/v7e-m+fp/hard/libgcc.a

.debug_info     0x00000000     0x13cd
 .debug_info    0x00000000      0x4aa ./Src/SPI_Driver_Testing.o
 .debug_info    0x000004aa       0x30 ./Startup/startup_stm32f407vgtx.o
 .debug_info    0x000004da      0x72a ./drivers/Src/stm32f407xx_gpio_driver.o
 .debug_info    0x00000c04      0x7c9 ./drivers/Src/stm32f407xx_spi_driver.o

.debug_abbrev   0x00000000      0x434
 .debug_abbrev  0x00000000      0x13a ./Src/SPI_Driver_Testing.o
 .debug_abbrev  0x0000013a       0x24 ./Startup/startup_stm32f407vgtx.o
 .debug_abbrev  0x0000015e      0x139 ./drivers/Src/stm32f407xx_gpio_driver.o
 .debug_abbrev  0x00000297      0x19d ./drivers/Src/stm32f407xx_spi_driver.o

.debug_aranges  0x00000000      0x178
 .debug_aranges
                0x00000000       0x30 ./Src/SPI_Driver_Testing.o
 .debug_aranges
                0x00000030       0x28 ./Startup/startup_stm32f407vgtx.o
 .debug_aranges
                0x00000058       0x70 ./drivers/Src/stm32f407xx_gpio_driver.o
 .debug_aranges
                0x000000c8       0xb0 ./drivers/Src/stm32f407xx_spi_driver.o

.debug_rnglists
                0x00000000      0x10f
 .debug_rnglists
                0x00000000       0x20 ./Src/SPI_Driver_Testing.o
 .debug_rnglists
                0x00000020       0x19 ./Startup/startup_stm32f407vgtx.o
 .debug_rnglists
                0x00000039       0x53 ./drivers/Src/stm32f407xx_gpio_driver.o
 .debug_rnglists
                0x0000008c       0x83 ./drivers/Src/stm32f407xx_spi_driver.o

.debug_macro    0x00000000     0x21c0
 .debug_macro   0x00000000      0x167 ./Src/SPI_Driver_Testing.o
 .debug_macro   0x00000167      0xac0 ./Src/SPI_Driver_Testing.o
 .debug_macro   0x00000c27       0x22 ./Src/SPI_Driver_Testing.o
 .debug_macro   0x00000c49       0x8e ./Src/SPI_Driver_Testing.o
 .debug_macro   0x00000cd7       0x51 ./Src/SPI_Driver_Testing.o
 .debug_macro   0x00000d28      0x103 ./Src/SPI_Driver_Testing.o
 .debug_macro   0x00000e2b       0x6a ./Src/SPI_Driver_Testing.o
 .debug_macro   0x00000e95      0x1df ./Src/SPI_Driver_Testing.o
 .debug_macro   0x00001074      0x189 ./Src/SPI_Driver_Testing.o
 .debug_macro   0x000011fd      0x451 ./Src/SPI_Driver_Testing.o
 .debug_macro   0x0000164e       0xc4 ./Src/SPI_Driver_Testing.o
 .debug_macro   0x00001712       0xc4 ./Src/SPI_Driver_Testing.o
 .debug_macro   0x000017d6       0x61 ./Src/SPI_Driver_Testing.o
 .debug_macro   0x00001837       0x2a ./Src/SPI_Driver_Testing.o
 .debug_macro   0x00001861       0x43 ./Src/SPI_Driver_Testing.o
 .debug_macro   0x000018a4       0x34 ./Src/SPI_Driver_Testing.o
 .debug_macro   0x000018d8       0x16 ./Src/SPI_Driver_Testing.o
 .debug_macro   0x000018ee       0x43 ./Src/SPI_Driver_Testing.o
 .debug_macro   0x00001931       0x34 ./Src/SPI_Driver_Testing.o
 .debug_macro   0x00001965       0x10 ./Src/SPI_Driver_Testing.o
 .debug_macro   0x00001975       0x58 ./Src/SPI_Driver_Testing.o
 .debug_macro   0x000019cd       0x8e ./Src/SPI_Driver_Testing.o
 .debug_macro   0x00001a5b       0x1c ./Src/SPI_Driver_Testing.o
 .debug_macro   0x00001a77      0x177 ./Src/SPI_Driver_Testing.o
 .debug_macro   0x00001bee      0x369 ./Src/SPI_Driver_Testing.o
 .debug_macro   0x00001f57       0x10 ./Src/SPI_Driver_Testing.o
 .debug_macro   0x00001f67       0x35 ./Src/SPI_Driver_Testing.o
 .debug_macro   0x00001f9c       0x20 ./Src/SPI_Driver_Testing.o
 .debug_macro   0x00001fbc       0xa3 ./drivers/Src/stm32f407xx_gpio_driver.o
 .debug_macro   0x0000205f       0xbe ./drivers/Src/stm32f407xx_gpio_driver.o
 .debug_macro   0x0000211d       0xa3 ./drivers/Src/stm32f407xx_spi_driver.o

.debug_line     0x00000000     0x19e0
 .debug_line    0x00000000      0x662 ./Src/SPI_Driver_Testing.o
 .debug_line    0x00000662       0x7b ./Startup/startup_stm32f407vgtx.o
 .debug_line    0x000006dd      0xa16 ./drivers/Src/stm32f407xx_gpio_driver.o
 .debug_line    0x000010f3      0x8ed ./drivers/Src/stm32f407xx_spi_driver.o

.debug_str      0x00000000     0x944c
 .debug_str     0x00000000     0x8fe8 ./Src/SPI_Driver_Testing.o
                               0x91fe (size before relaxing)
 .debug_str     0x00008fe8       0x3f ./Startup/startup_stm32f407vgtx.o
                                 0xa8 (size before relaxing)
 .debug_str     0x00009027      0x2ad ./drivers/Src/stm32f407xx_gpio_driver.o
                               0x61b0 (size before relaxing)
 .debug_str     0x000092d4      0x178 ./drivers/Src/stm32f407xx_spi_driver.o
                               0x61e0 (size before relaxing)

.comment        0x00000000       0x43
 .comment       0x00000000       0x43 ./Src/SPI_Driver_Testing.o
                                 0x44 (size before relaxing)
 .comment       0x00000043       0x44 ./drivers/Src/stm32f407xx_gpio_driver.o
 .comment       0x00000043       0x44 ./drivers/Src/stm32f407xx_spi_driver.o

.debug_frame    0x00000000      0x558
 .debug_frame   0x00000000       0x78 ./Src/SPI_Driver_Testing.o
 .debug_frame   0x00000078      0x1c8 ./drivers/Src/stm32f407xx_gpio_driver.o
 .debug_frame   0x00000240      0x2ec ./drivers/Src/stm32f407xx_spi_driver.o
 .debug_frame   0x0000052c       0x2c /Applications/STM32CubeIDE.app/Contents/Eclipse/plugins/com.st.stm32cube.ide.mcu.externaltools.gnu-tools-for-stm32.12.3.rel1.macos64_1.1.0.202410301201/tools/bin/../lib/gcc/arm-none-eabi/12.3.1/../../../../arm-none-eabi/lib/thumb/v7e-m+fp/hard/libc_nano.a(libc_a-init.o)

.debug_line_str
                0x00000000       0x8c
 .debug_line_str
                0x00000000       0x8c ./Startup/startup_stm32f407vgtx.o
